[orchestrator] 1941 left
[orchestrator] 1901 left
  TIMEOUT Maghnes Akliouche
[orchestrator] batch hung — killing child + chrome
[orchestrator] 1875 left
  TIMEOUT Pablo Barrios
[orchestrator] batch hung — killing child + chrome
[orchestrator] 1848 left
[orchestrator] 1808 left
  TIMEOUT Ayyoub Bouaddi
[orchestrator] 1798 left
  TIMEOUT Ángel María
[orchestrator] batch hung — killing child + chrome
[orchestrator] 1794 left
[orchestrator] 1754 left
[orchestrator] 1714 left
[orchestrator] 1674 left
[orchestrator] 1634 left
[orchestrator] 1594 left
[orchestrator] 1554 left
[orchestrator] 1514 left
[orchestrator] 1474 left
[orchestrator] 1434 left
[orchestrator] 1394 left
[orchestrator] 1354 left
[orchestrator] 1314 left
[orchestrator] 1274 left
[orchestrator] 1234 left
[orchestrator] 1194 left
[orchestrator] 1154 left
[orchestrator] 1114 left
  TIMEOUT Martin Baturina
[orchestrator] batch hung — killing child + chrome
[orchestrator] 1099 left
[orchestrator] 1059 left
[orchestrator] 1019 left
[orchestrator] 979 left
[orchestrator] 939 left
[orchestrator] 899 left
[orchestrator] 859 left
[orchestrator] 819 left
[orchestrator] 779 left
[orchestrator] 739 left
[orchestrator] 699 left
[orchestrator] 659 left
[orchestrator] 619 left
[orchestrator] 579 left
[orchestrator] 539 left
[orchestrator] 499 left
[orchestrator] 459 left
[orchestrator] 419 left
[orchestrator] 379 left
  TIMEOUT Andriy Yarmolenko
[orchestrator] batch hung — killing child + chrome
[orchestrator] 356 left
[orchestrator] 316 left
[orchestrator] 276 left
  TIMEOUT Matías Vecino
[orchestrator] batch hung — killing child + chrome
[orchestrator] 265 left
[orchestrator] 225 left
[orchestrator] 185 left
[orchestrator] 145 left
[orchestrator] 105 left
[orchestrator] 65 left
[orchestrator] 25 left
done
